// Jest Snapshot v1, https://goo.gl/fbAQLP

exports[`renders correctly 1`] = `
<button
  className="sc-aXZVg dDdpDQ"
  name="4"
>
  4
</button>
`;
